ArrayList.class
public class <6><8>ArrayList<E> extends AbstractList<E> implements List<E>, RandomAccess, Cloneable, Serializable {
 ExtensionPropertyKt.class
<4><12>// IntelliJ API Decompiler stub source generated from a class file
// Implementation of methods is not available

package testData.libraries

public val <T> java.util.List<T>.<13>exProp: kotlin.String /* compiled code */
    public final get

public val kotlin.Int.exProp: kotlin.Int /* compiled code */
    public final get

public val kotlin.String.<5>exProp: kotlin.String /* compiled code */
 PrintStream.class
    public void <3><11>println(String var1) {
 String.class
public final class <7>String implements Serializable, Comparable<String>, CharSequence {
 System.class
public final class <1><9>System {
    public static final InputStream in;
    public static final PrintStream <2><10>out;
