LineBreakpoint created at idea335187.kt:9
Run Java
Connected to the target VM
idea335187.kt:9
Disconnected from the target VM

Process finished with exit code 0
