// IGNORE_BACKEND: JVM_WITH_OLD_EVALUATOR, JVM_IR_WITH_OLD_EVALUATOR
LineBreakpoint created at contextReceiversInLambdas.kt:33
Run Java
Connected to the target VM
contextReceiversInLambdas.kt:33
Compile bytecode for name1
Compile bytecode for name2
Compile bytecode for this@Ctx1.name
Compile bytecode for this@Ctx2.name
Compile bytecode for this@Ctx1
Compile bytecode for this@Ctx2
Compile bytecode for foo1()
Compile bytecode for foo2()
Compile bytecode for this@Ctx1.bar()
Compile bytecode for this@Ctx2.bar()
KotlinStackFrame (contextReceiversInLambdas.kt:33)
    JavaValue this: Ctx1@uniqueID = forTests.Ctx1@hashCode
        JavaValue[field] name1: java.lang.String = ctx1 (contexts.kt:4)
        JavaValue[field] name: java.lang.String = ctx1 (contexts.kt:5)
    JavaValue this$1: Ctx2@uniqueID = forTests.Ctx2@hashCode
        JavaValue[field] name2: java.lang.String = ctx2 (contexts.kt:12)
        JavaValue[field] name: java.lang.String = ctx2 (contexts.kt:13)
Disconnected from the target VM

Process finished with exit code 0